Эльфы: turn=1, player=Север, rel=53
Вампиры: turn=1, player=Север, rel=38
Элины: turn=1, player=Север, rel=48
Адепты: turn=1, player=Север, rel=48
SENT: Адепты -> Север [ДРУЖБА]: Знания и сила — вот что объединяет великих. Давайте сотрудничать во имя просвеще
CHECK: last_id=0, found=1 new msgs for Север
Эльфы: turn=2, player=Север, rel=53
SENT: Эльфы -> Север [ПРИВЕТСТВИЕ]: Да хранят вас звёзды, правитель. Эльфийский народ рад вашему визиту.
Вампиры: turn=2, player=Север, rel=38
SENT: Вампиры -> Север [ПРИВЕТСТВИЕ]: Какая неожиданная... приятная встреча. Тьма улыбается вам сегодня.
Элины: turn=2, player=Север, rel=48
SENT: Элины -> Север [ПРИВЕТСТВИЕ]: Да озарит солнце ваш путь, правитель! Элины рады каждому мирному соседу.
CHECK: last_id=1062, found=3 new msgs for Север
Эльфы: turn=4, player=Север, rel=53
SENT: Эльфы -> Север [ПРИВЕТСТВИЕ]: Да хранят вас звёзды, правитель. Эльфийский народ рад вашему визиту. У нас 3 гор
Вампиры: turn=4, player=Север, rel=38
SENT: Вампиры -> Север [ПРИВЕТСТВИЕ]: Какая неожиданная... приятная встреча. Тьма улыбается вам сегодня. У нас 3 город
Адепты: turn=4, player=Север, rel=48
SENT: Адепты -> Север [ПРИВЕТСТВИЕ]: Адепты приветствуют вас, просвещённый правитель. Знание — сила. У нас 3 городов 
Элины: turn=4, player=Север, rel=48
SENT: Элины -> Север [ПРИВЕТСТВИЕ]: Да озарит солнце ваш путь, правитель! Элины рады каждому мирному соседу. У нас 3
SENT: Элины -> Север [ТОРГОВЛЯ]: [ТОРГОВЛЯ] У нас 3 городов и растущее производство. Предлагаю наладить торговый 
SENT: Элины -> Север [ПРОСЬБА]: [ПРОСЬБА] Тяжёлые времена для нашего народа. Осталось всего 3 города. Наша армия
SENT: Элины -> Север [ДРУЖБА]: Между нами пока прохладные отношения (45%). Но мы верим, что у наших народов бол
SENT: Элины -> Север [ПРЕДУПРЕЖДЕНИЕ]: [УГРОЗА] Наша разведка докладывает: Вампиры наращивает силы! Их армия — 13.2 тыс
Эльфы: turn=1, player=Север, rel=43
Вампиры: turn=1, player=Север, rel=38
Элины: turn=1, player=Север, rel=58
SENT: Элины -> Север [ПРОСЬБА]: [ПРОСЬБА] Тяжёлые времена для нашего народа. Осталось всего 2 города. Наша армия
Адепты: turn=1, player=Север, rel=48
SENT: Адепты -> Север [ТОРГОВЛЯ]: [ТОРГОВЛЯ] У нас 2 городов и растущее производство. Предлагаю наладить торговый 
CHECK: last_id=0, found=2 new msgs for Север
Эльфы: turn=1, player=Север, rel=43
Вампиры: turn=1, player=Север, rel=48
Элины: turn=1, player=Север, rel=48
Адепты: turn=1, player=Север, rel=48
SENT: Адепты -> Север [ПРЕДУПРЕЖДЕНИЕ]: [УГРОЗА] Наша разведка докладывает: Вампиры наращивает силы! Их армия — 2.4 тыс.
CHECK: last_id=0, found=1 new msgs for Север
Эльфы: turn=2, player=Север, rel=43
SENT: Эльфы -> Север [ПРИВЕТСТВИЕ]: Да хранят вас звёзды, правитель. Эльфийский народ рад вашему визиту. У нас 3 гор
Вампиры: turn=2, player=Север, rel=48
SENT: Вампиры -> Север [ПРИВЕТСТВИЕ]: Какая неожиданная... приятная встреча. Тьма улыбается вам сегодня. У нас 3 город
Элины: turn=2, player=Север, rel=48
SENT: Элины -> Север [ПРИВЕТСТВИЕ]: Да озарит солнце ваш путь, правитель! Элины рады каждому мирному соседу. У нас 3
CHECK: last_id=1078, found=3 new msgs for Север
Эльфы: turn=1, player=Север, rel=43
Вампиры: turn=1, player=Север, rel=48
SENT: Вампиры -> Север [ТОРГОВЛЯ]: [ТОРГОВЛЯ] У нас 2 городов и растущее производство. Предлагаю наладить торговый 
Элины: turn=1, player=Север, rel=48
SENT: Элины -> Север [ДРУЖБА]: Между нами пока прохладные отношения (48%). Но мы верим, что у наших народов бол
Адепты: turn=1, player=Север, rel=48
SENT: Адепты -> Север [ТОРГОВЛЯ]: [ТОРГОВЛЯ] У нас 2 городов и растущее производство. Предлагаю наладить торговый 
Эльфы: turn=1, player=Север, rel=43
Вампиры: turn=1, player=Север, rel=38
Элины: turn=1, player=Север, rel=48
SENT: Элины -> Север [ДРУЖБА]: Между нами пока прохладные отношения (48%). Но мы верим, что у наших народов бол
Адепты: turn=1, player=Север, rel=58
SENT: Адепты -> Север [ПРОСЬБА]: [ПРОСЬБА] Тяжёлые времена для нашего народа. Осталось всего 2 города. Наша армия
Эльфы: turn=2, player=Север, rel=43
SENT: Эльфы -> Север [ПРИВЕТСТВИЕ]: Да хранят вас звёзды, правитель. Эльфийский народ рад вашему визиту. У нас 3 гор
Вампиры: turn=2, player=Север, rel=38
SENT: Вампиры -> Север [ПРИВЕТСТВИЕ]: Какая неожиданная... приятная встреча. Тьма улыбается вам сегодня. У нас 3 город
Элины: turn=5, player=Север, rel=41
SENT: Элины -> Север [ПРИВЕТСТВИЕ]: Да озарит солнце ваш путь, правитель! Элины рады каждому мирному соседу. У нас 4
Адепты: turn=5, player=Север, rel=61
SENT: Адепты -> Север [ПРИВЕТСТВИЕ]: Адепты приветствуют вас, просвещённый правитель. Знание — сила. У нас 2 городов 
Эльфы: turn=6, player=Север, rel=29
SENT: Эльфы -> Север [ПРИВЕТСТВИЕ]: Да хранят вас звёзды, правитель. Эльфийский народ рад вашему визиту. У нас 6 гор
Вампиры: turn=6, player=Север, rel=24
SENT: Вампиры -> Север [ПРИВЕТСТВИЕ]: Какая неожиданная... приятная встреча. Тьма улыбается вам сегодня. У нас 6 город
Элины: turn=9, player=Север, rel=27
Адепты: turn=9, player=Север, rel=67
SENT: Адепты -> Север [ТОРГОВЛЯ]: [ТОРГОВЛЯ] У нас 2 городов и растущее производство. Предлагаю наладить торговый 
Эльфы: turn=10, player=Север, rel=22
Вампиры: turn=10, player=Север, rel=17
Элины: turn=10, player=Север, rel=27
Эльфы: turn=11, player=Север, rel=22
Вампиры: turn=11, player=Север, rel=17
Элины: turn=11, player=Север, rel=27
Эльфы: turn=12, player=Север, rel=15
Вампиры: turn=12, player=Север, rel=10
Элины: turn=12, player=Север, rel=20
Адепты: turn=13, player=Север, rel=70
SENT: Адепты -> Север [ПРОСЬБА]: [ПРОСЬБА] Мы ведём войну с Вампиры (их сила: 13.1 млн.). У нас осталось 2 городо
Адепты: turn=17, player=Север, rel=73
SENT: Адепты -> Север [ТОРГОВЛЯ]: [ТОРГОВЛЯ] У нас 3 городов и растущее производство. Предлагаю наладить торговый 
Адепты: turn=21, player=Север, rel=100
SENT: Адепты -> Север [СОЮЗ]: [СОЮЗ] У нас общий враг — Вампиры (сила армии: 58.1 млн.). Наша армия насчитывае
Адепты: turn=25, player=Север, rel=100
SENT: Адепты -> Север [СОЮЗ]: [СОЮЗ] У нас общий враг — Вампиры (сила армии: 77.1 млн.). Наша армия насчитывае
Эльфы: turn=1, player=Север, rel=43
Вампиры: turn=1, player=Север, rel=38
Элины: turn=1, player=Север, rel=58
SENT: Элины -> Север [ДРУЖБА]: Наши отношения на уровне 58% — неплохо! У нас 2 городов и армия в 244 воинов. Вм
Адепты: turn=1, player=Север, rel=48
Эльфы: turn=2, player=Север, rel=43
SENT: Эльфы -> Север [ПРИВЕТСТВИЕ]: Да хранят вас звёзды, правитель. Эльфийский народ рад вашему визиту. У нас 3 гор
Вампиры: turn=2, player=Север, rel=38
SENT: Вампиры -> Север [ПРИВЕТСТВИЕ]: Какая неожиданная... приятная встреча. Тьма улыбается вам сегодня. У нас 3 город
Адепты: turn=2, player=Север, rel=48
SENT: Адепты -> Север [ПРИВЕТСТВИЕ]: Адепты приветствуют вас, просвещённый правитель. Знание — сила. У нас 3 городов 
Эльфы: turn=1, player=Север, rel=43
Вампиры: turn=1, player=Север, rel=38
Элины: turn=1, player=Север, rel=58
Адепты: turn=1, player=Север, rel=48
SENT: Адепты -> Север [ТОРГОВЛЯ]: [ТОРГОВЛЯ] Предлагаем сделку: Мы отдаём 3.2 тыс. Крон, вы — 979 Кристаллов. Наши
Эльфы: turn=2, player=Север, rel=43
SENT: Эльфы -> Север [ПРИВЕТСТВИЕ]: Да хранят вас звёзды, правитель. Эльфийский народ рад вашему визиту. У нас 3 гор
Вампиры: turn=2, player=Север, rel=38
SENT: Вампиры -> Север [ПРИВЕТСТВИЕ]: Какая неожиданная... приятная встреча. Тьма улыбается вам сегодня. У нас 3 город
Элины: turn=2, player=Север, rel=58
SENT: Элины -> Север [ПРИВЕТСТВИЕ]: Да озарит солнце ваш путь, правитель! Элины рады каждому мирному соседу. У нас 3
Адепты: turn=5, player=Север, rel=41
SENT: Адепты -> Север [ПРИВЕТСТВИЕ]: Адепты приветствуют вас, просвещённый правитель. Знание — сила. У нас 1 городов 
Север: turn=1, player=Адепты, rel=48
Эльфы: turn=1, player=Адепты, rel=43
SENT: Эльфы -> Адепты [ДРУЖБА]: Между нами пока прохладные отношения (43%). Но мы верим, что у наших народов бол
Вампиры: turn=1, player=Адепты, rel=38
SENT: Вампиры -> Адепты [ПРЕДУПРЕЖДЕНИЕ]: [УГРОЗА] Наша разведка докладывает: Эльфы наращивает силы! Их армия — 1.2 тыс. в
Элины: turn=1, player=Адепты, rel=48
Север: turn=2, player=Адепты, rel=48
SENT: Север -> Адепты [ПРИВЕТСТВИЕ]: Приветствую, правитель. Север помнит своих друзей. У нас 1 городов и наши отноше
Элины: turn=2, player=Адепты, rel=48
SENT: Элины -> Адепты [ПРИВЕТСТВИЕ]: Да озарит солнце ваш путь, правитель! Элины рады каждому мирному соседу. У нас 3
Эльфы: turn=5, player=Адепты, rel=39
SENT: Эльфы -> Адепты [ПРИВЕТСТВИЕ]: Да хранят вас звёзды, правитель. Эльфийский народ рад вашему визиту. У нас 3 гор
Вампиры: turn=5, player=Адепты, rel=34
SENT: Вампиры -> Адепты [ПРИВЕТСТВИЕ]: Какая неожиданная... приятная встреча. Тьма улыбается вам сегодня. У нас 5 город
Север: turn=6, player=Адепты, rel=37
SENT: Север -> Адепты [ПРИВЕТСТВИЕ]: Приветствую, правитель. Север помнит своих друзей. У нас 1 городов и наши отноше
Элины: turn=6, player=Адепты, rel=57
SENT: Элины -> Адепты [ПРИВЕТСТВИЕ]: Да озарит солнце ваш путь, правитель! Элины рады каждому мирному соседу. У нас 7
Эльфы: turn=1, player=Север, rel=43
Вампиры: turn=1, player=Север, rel=48
SENT: Вампиры -> Север [ТОРГОВЛЯ]: [ТОРГОВЛЯ] Предлагаем сделку: Мы отдаём 2.0 тыс. Крон, вы — 603 Кристаллов. Наши
Элины: turn=1, player=Север, rel=48
Адепты: turn=1, player=Север, rel=48
SENT: Адепты -> Север [ДРУЖБА]: Между нами пока прохладные отношения (48%). Но мы верим, что у наших народов бол
Эльфы: turn=2, player=Север, rel=43
SENT: Эльфы -> Север [ПРИВЕТСТВИЕ]: Да хранят вас звёзды, правитель. Эльфийский народ рад вашему визиту. У нас 3 гор
Элины: turn=2, player=Север, rel=48
SENT: Элины -> Север [ПРИВЕТСТВИЕ]: Да озарит солнце ваш путь, правитель! Элины рады каждому мирному соседу. У нас 3
Эльфы: turn=1, player=Север, rel=43
Вампиры: turn=1, player=Север, rel=38
SENT: Вампиры -> Север [ДРУЖБА]: Между нами пока прохладные отношения (38%). Но мы верим, что у наших народов бол
Элины: turn=1, player=Север, rel=58
SENT: Элины -> Север [ТОРГОВЛЯ]: [ТОРГОВЛЯ] Предлагаем сделку: Мы отдаём 3.6 тыс. Крон, вы — 1.1 тыс. Кристаллов.
Адепты: turn=1, player=Север, rel=48
Эльфы: turn=2, player=Север, rel=43
SENT: Эльфы -> Север [ПРИВЕТСТВИЕ]: Да хранят вас звёзды, правитель. Эльфийский народ рад вашему визиту. У нас 3 гор
Адепты: turn=2, player=Север, rel=48
SENT: Адепты -> Север [ПРИВЕТСТВИЕ]: Адепты приветствуют вас, просвещённый правитель. Знание — сила. У нас 3 городов 
Вампиры: turn=5, player=Север, rel=34
SENT: Вампиры -> Север [ПРИВЕТСТВИЕ]: Какая неожиданная... приятная встреча. Тьма улыбается вам сегодня. У нас 6 город
Элины: turn=5, player=Север, rel=66
SENT: Элины -> Север [ПРИВЕТСТВИЕ]: Да озарит солнце ваш путь, правитель! Элины рады каждому мирному соседу. У нас 6
Эльфы: turn=6, player=Север, rel=35
SENT: Эльфы -> Север [ПРИВЕТСТВИЕ]: Да хранят вас звёзды, правитель. Эльфийский народ рад вашему визиту. У нас 3 гор
Адепты: turn=6, player=Север, rel=37
SENT: Адепты -> Север [ПРИВЕТСТВИЕ]: Адепты приветствуют вас, просвещённый правитель. Знание — сила. У нас 5 городов 
Эльфы: turn=1, player=Север, rel=43
Вампиры: turn=1, player=Север, rel=38
Элины: turn=1, player=Север, rel=58
SENT: Элины -> Север [ДРУЖБА]: Наши отношения на уровне 58% — неплохо! У нас 2 городов и армия в 244 воинов. Вм
Адепты: turn=1, player=Север, rel=48
SENT: Адепты -> Север [ДРУЖБА]: Между нами пока прохладные отношения (48%). Но мы верим, что у наших народов бол
Эльфы: turn=2, player=Север, rel=43
SENT: Эльфы -> Север [ПРИВЕТСТВИЕ]: Да хранят вас звёзды, правитель. Эльфийский народ рад вашему визиту. У нас 3 гор
Вампиры: turn=2, player=Север, rel=38
SENT: Вампиры -> Север [ПРИВЕТСТВИЕ]: Какая неожиданная... приятная встреча. Тьма улыбается вам сегодня. У нас 3 город
Элины: turn=5, player=Север, rel=64
SENT: Элины -> Север [ПРИВЕТСТВИЕ]: Да озарит солнце ваш путь, правитель! Элины рады каждому мирному соседу. У нас 5
Адепты: turn=5, player=Север, rel=44
SENT: Адепты -> Север [ПРИВЕТСТВИЕ]: Адепты приветствуют вас, просвещённый правитель. Знание — сила. У нас 3 городов 
Эльфы: turn=6, player=Север, rel=32
SENT: Эльфы -> Север [ПРИВЕТСТВИЕ]: Да хранят вас звёзды, правитель. Эльфийский народ рад вашему визиту. У нас 3 гор
Вампиры: turn=6, player=Север, rel=27
SENT: Вампиры -> Север [ПРИВЕТСТВИЕ]: Какая неожиданная... приятная встреча. Тьма улыбается вам сегодня. У нас 7 город
Элины: turn=9, player=Север, rel=73
Адепты: turn=9, player=Север, rel=33
Эльфы: turn=10, player=Север, rel=28
Вампиры: turn=10, player=Север, rel=23
Элины: turn=10, player=Север, rel=73
SENT: Элины -> Север [ПРОСЬБА]: [ПРОСЬБА] Мы развиваем наши 5 городов, но ресурсов не хватает. Не могли бы вы по
Адепты: turn=10, player=Север, rel=33
Эльфы: turn=11, player=Север, rel=28
Вампиры: turn=11, player=Север, rel=23
Адепты: turn=11, player=Север, rel=33
SENT: Адепты -> Север [ДРУЖБА]: Ваша фракция впечатляет — 4 городов! У нас пока 3, но мы уважаем вашу мощь. Друж
Эльфы: turn=12, player=Север, rel=21
Вампиры: turn=12, player=Север, rel=16
Элины: turn=14, player=Север, rel=84
Элины: turn=15, player=Север, rel=87
SENT: Элины -> Север [ТОРГОВЛЯ]: [ТОРГОВЛЯ] Предлагаем сделку: Мы отдаём 1.0 млн. Крон, вы — 320.0 тыс. Кристалло
Эльфы: turn=18, player=Север, rel=7
Эльфы: turn=19, player=Север, rel=7
Элины: turn=19, player=Север, rel=95
Эльфы: turn=20, player=Север, rel=7
Элины: turn=20, player=Север, rel=95
SENT: Элины -> Север [ТОРГОВЛЯ]: [ТОРГОВЛЯ] Предлагаем сделку: Мы отдаём 1.1 млн. Крон, вы — 332.0 тыс. Кристалло
Эльфы: turn=21, player=Север, rel=0
Эльфы: turn=22, player=Север, rel=0
Эльфы: turn=23, player=Север, rel=0
Эльфы: turn=24, player=Север, rel=0
Элины: turn=24, player=Север, rel=100
Эльфы: turn=25, player=Север, rel=0
Элины: turn=25, player=Север, rel=100
SENT: Элины -> Север [СОЮЗ]: [СОЮЗ] У нас общий враг — Вампиры (сила армии: 55.0 млн.). Наша армия насчитывае
Эльфы: turn=26, player=Север, rel=0
Адепты: turn=26, player=Север, rel=1
Эльфы: turn=27, player=Север, rel=0
Адепты: turn=27, player=Север, rel=0
Эльфы: turn=28, player=Север, rel=0
Адепты: turn=28, player=Север, rel=0
Эльфы: turn=29, player=Север, rel=0
Элины: turn=29, player=Север, rel=100
SENT: Элины -> Север [СОЮЗ]: [СОЮЗ] У нас общий враг — Вампиры (сила армии: 1.7 млн.). Наша армия насчитывает
Адепты: turn=29, player=Север, rel=0
Север: turn=1, player=Адепты, rel=48
Эльфы: turn=1, player=Адепты, rel=53
SENT: Эльфы -> Адепты [СОЮЗ]: [СОЮЗ] Мы разделяем путь «Смирение» — это делает нас естественными союзниками. Н
Вампиры: turn=1, player=Адепты, rel=38
Элины: turn=1, player=Адепты, rel=38
Север: turn=2, player=Адепты, rel=48
SENT: Север -> Адепты [ПРИВЕТСТВИЕ]: Приветствую, правитель. Север помнит своих друзей. У нас 3 городов и наши отноше
Вампиры: turn=2, player=Адепты, rel=38
SENT: Вампиры -> Адепты [ПРИВЕТСТВИЕ]: Какая неожиданная... приятная встреча. Тьма улыбается вам сегодня. У нас 3 город
Элины: turn=2, player=Адепты, rel=38
SENT: Элины -> Адепты [ПРИВЕТСТВИЕ]: Да озарит солнце ваш путь, правитель! Элины рады каждому мирному соседу. У нас 3
Север: turn=1, player=Элины, rel=48
Эльфы: turn=1, player=Элины, rel=43
Вампиры: turn=1, player=Элины, rel=53
SENT: Вампиры -> Элины [ПРОСЬБА]: [ПРОСЬБА] Тяжёлые времена для нашего народа. Осталось всего 2 города. Наша армия
Адепты: turn=1, player=Элины, rel=48
SENT: Адепты -> Элины [СОЮЗ]: [СОЮЗ] Мы разделяем путь «Борьба» — это делает нас естественными союзниками. Наш
Север: turn=2, player=Элины, rel=48
SENT: Север -> Элины [ПРИВЕТСТВИЕ]: Приветствую, правитель. Север помнит своих друзей. У нас 3 городов и наши отноше
Эльфы: turn=2, player=Элины, rel=43
SENT: Эльфы -> Элины [ПРИВЕТСТВИЕ]: Да хранят вас звёзды, правитель. Эльфийский народ рад вашему визиту. У нас 3 гор
Север: turn=1, player=Адепты, rel=48
Эльфы: turn=1, player=Адепты, rel=43
SENT: Эльфы -> Адепты [ДРУЖБА]: Вековые леса учат терпению, а мудрость — выбирать союзников с осторожностью. Вы 
Вампиры: turn=1, player=Адепты, rel=38
SENT: Вампиры -> Адепты [ДРУЖБА]: Мы не привыкли к сантиментам, но... ваша стойкость вызывает уважение. Даже у нас
Элины: turn=1, player=Адепты, rel=48
Север: turn=2, player=Адепты, rel=48
SENT: Север -> Адепты [ПРИВЕТСТВИЕ]: Слава Северу! Рады видеть сильного соседа. Надеемся, что наши мечи будут указыва
Элины: turn=2, player=Адепты, rel=48
SENT: Элины -> Адепты [ПРИВЕТСТВИЕ]: Жар пустыни закаляет, а не уничтожает. Мы видим в вас закалённого правителя. У н
SENT: Вампиры -> Адепты [ПРИВЕТСТВИЕ]: Ночь длинна, а друзей мало. Приветствую вас, правитель... пока ещё живых земель.
SENT: Север -> Адепты [ПРИВЕТСТВИЕ]: Приветствую, правитель. Север помнит своих друзей и никогда не забывает врагов. 
SENT: Элины -> Адепты [ПРИВЕТСТВИЕ]: Да озарит солнце ваш путь, правитель! Элины встречают каждого мирного гостя с ра
SENT: Эльфы -> Адепты [ПРИВЕТСТВИЕ]: Лунный свет осветил ваш путь к нашим лесам. Мы приветствуем вас с открытым сердц
SENT: Адепты -> Адепты [ПРИВЕТСТВИЕ]: Свитки пророчеств упоминают вашу фракцию. Мы рады наконец встретиться лично. У н
SENT: Север -> Адепты [ДРУЖБА]: Крепкая дружба рождается не за столом переговоров, а на поле битвы. Но начнём с 
SENT: Эльфы -> Адепты [ДРУЖБА]: Как ветви одного древа тянутся к солнцу, так и наши народы могут расти вместе. У
SENT: Элины -> Адепты [ДРУЖБА]: В пустыне выживают только те, кто умеет находить союзников. Мы выбираем вас. У н
SENT: Север -> Адепты [ПРИВЕТСТВИЕ]: Правитель! Наши дозорные доложили о вашем появлении. Добро пожаловать к границам
SENT: Эльфы -> Адепты [ПРИВЕТСТВИЕ]: Мудрость веков подсказывает: великие дела начинаются с простого приветствия. Здр
SENT: Элины -> Адепты [ПРИВЕТСТВИЕ]: Пески пустыни помнят всех, кто приходил с миром. Добро пожаловать в наши земли! 
SENT: Север -> Адепты [ТОРГОВЛЯ]: Север не бросает слов на ветер. У нас 2 города. Мы готовы выделить 3.1 тыс. крон
SENT: Эльфы -> Адепты [ДРУЖБА]: Звёзды предвещают эпоху дружбы между нашими народами. Не будем противиться судьб
SENT: Элины -> Адепты [ДРУЖБА]: Наши торговые пути пролегают через полмира. Дружба с нами откроет вам новые гори
SENT: Север -> Адепты [ПРИВЕТСТВИЕ]: Холодный ветер несёт вести о вашем народе. Север протягивает руку — крепкую, как
SENT: Эльфы -> Адепты [ПРИВЕТСТВИЕ]: Да хранят вас звёзды, правитель. Эльфийский народ рад вашему появлению в этих зе
SENT: Элины -> Адепты [ПРИВЕТСТВИЕ]: Да озарит солнце ваш путь, правитель! Элины встречают каждого мирного гостя с ра
SENT: Эльфы -> Адепты [ДРУЖБА]: Звёзды предвещают эпоху дружбы между нашими народами. Не будем противиться судьб
SENT: Элины -> Адепты [СОЮЗ]: [СОЮЗ] Мы разделяем путь «Смирение» — это делает нас естественными союзниками. Н
SENT: Элины -> Адепты [СОЮЗ]: [СОЮЗ] Мы разделяем путь «Смирение» — это делает нас естественными союзниками. Т
SENT: Элины -> Адепты [ДРУЖБА]: Огонь пустыни и ваша решимость — два пламени одного костра. Давайте разгорим его
SENT: Эльфы -> Север [ПРИВЕТСТВИЕ]: Древние дубы шепчут ваше имя. Это хороший знак — природа благоволит нашей встреч
SENT: Элины -> Север [ПРИВЕТСТВИЕ]: Да озарит солнце ваш путь, правитель! Элины встречают каждого мирного гостя с ра
SENT: Адепты -> Север [ПРИВЕТСТВИЕ]: Свитки пророчеств упоминают вашу фракцию. Мы рады наконец встретиться лично. У н
SENT: Эльфы -> Север [ПРИВЕТСТВИЕ]: Древние дубы шепчут ваше имя. Это хороший знак — природа благоволит нашей встреч
SENT: Элины -> Север [ПРИВЕТСТВИЕ]: Караваны разносят славу о вашем народе. Элины рады знакомству! У нас 6 городов, 
SENT: Адепты -> Север [ПРИВЕТСТВИЕ]: Свитки пророчеств упоминают вашу фракцию. Мы рады наконец встретиться лично. У н
SENT: Эльфы -> Север [ДРУЖБА]: Вековые леса учат терпению, а мудрость — выбирать союзников с осторожностью. Вы 
SENT: Элины -> Север [ДРУЖБА]: Солнце одинаково светит всем, но греет лишь тех, кто протягивает руку навстречу.
SENT: Адепты -> Север [ТОРГОВЛЯ]: [ТОРГОВЛЯ] Предлагаем сделку: Мы отдаём 391.9 тыс. Крон, вы — 117.5 тыс. Кристал
SENT: Адепты -> Север [ТОРГОВЛЯ]: [ТОРГОВЛЯ] Предлагаем сделку: Мы отдаём 1.0 млн. Крон, вы — 315.7 тыс. Кристалло
SENT: Эльфы -> Север [ТОРГОВЛЯ]: [ТОРГОВЛЯ] Предлагаем сделку: Мы отдаём 3.9 тыс. Крон, вы — 1.1 тыс. Кристаллов.
SENT: Элины -> Север [ПРИВЕТСТВИЕ]: Пески пустыни помнят всех, кто приходил с миром. Добро пожаловать в наши земли! 
SENT: Адепты -> Север [ПРИВЕТСТВИЕ]: Наши оракулы предвидели эту встречу. Звёзды расположились благоприятно. У нас 3 
SENT: Эльфы -> Север [ПРИВЕТСТВИЕ]: Да хранят вас звёзды, правитель. Эльфийский народ рад вашему появлению в этих зе
SENT: Элины -> Север [ПРИВЕТСТВИЕ]: Пески пустыни помнят всех, кто приходил с миром. Добро пожаловать в наши земли! 
SENT: Адепты -> Север [ПРИВЕТСТВИЕ]: Тайное знание открывает двери. Одна из них привела нас к вам, правитель. У нас 5
SENT: Эльфы -> Север [ТОРГОВЛЯ]: [ТОРГОВЛЯ] Предлагаем сделку: Мы отдаём 626.5 тыс. Крон, вы — 187.9 тыс. Кристал
SENT: Адепты -> Север [ДРУЖБА]: Адепты уважают силу, но не разделяют ваших убеждений. Торговля между нами невозм
SENT: Элины -> Север [ДРУЖБА]: Солнце одинаково светит всем, но греет лишь тех, кто протягивает руку навстречу.
SENT: Элины -> Север [ДРУЖБА]: В пустыне выживают только те, кто умеет находить союзников. Мы выбираем вас. У н
SENT: Элины -> Север [ТОРГОВЛЯ]: [ТОРГОВЛЯ] Предлагаем сделку: Мы отдаём 1.0 млн. Крон, вы — 318.1 тыс. Кристалло
SENT: Элины -> Север [ТОРГОВЛЯ]: [ТОРГОВЛЯ] Предлагаем сделку: Мы отдаём 3.2 тыс. Крон, вы — 987 Кристаллов. Наши
SENT: Эльфы -> Север [ПРИВЕТСТВИЕ]: Мудрость веков подсказывает: великие дела начинаются с простого приветствия. Здр
SENT: Адепты -> Север [ПРИВЕТСТВИЕ]: Свитки пророчеств упоминают вашу фракцию. Мы рады наконец встретиться лично. У н
SENT: Элины -> Север [ПРИВЕТСТВИЕ]: Да озарит солнце ваш путь, правитель! Элины встречают каждого мирного гостя с ра
SENT: Эльфы -> Север [ПРИВЕТСТВИЕ]: Мудрость веков подсказывает: великие дела начинаются с простого приветствия. Здр
SENT: Адепты -> Север [ПРИВЕТСТВИЕ]: Тайное знание открывает двери. Одна из них привела нас к вам, правитель. У нас 4
SENT: Эльфы -> Север [ПРЕДУПРЕЖДЕНИЕ]: [УГРОЗА] Наши следопыты обнаружили вражеских лазутчиков в приграничных чащобах. 
SENT: Элины -> Север [ТОРГОВЛЯ]: [ТОРГОВЛЯ] Предлагаем сделку: Мы отдаём 515.1 тыс. Крон, вы — 154.5 тыс. Кристал
SENT: Адепты -> Север [ДРУЖБА]: Адепты уважают силу, но не разделяют ваших убеждений. Торговля между нами невозм
SENT: Элины -> Север [ТОРГОВЛЯ]: [ТОРГОВЛЯ] Предлагаем сделку: Мы отдаём 1.0 млн. Крон, вы — 310.6 тыс. Кристалло
SENT: Эльфы -> Север [ДРУЖБА]: В гармонии с природой и друг с другом — так мы видим наше будущее. У нас 2 город
SENT: Элины -> Север [ДРУЖБА]: Солнце одинаково светит всем, но греет лишь тех, кто протягивает руку навстречу.
SENT: Адепты -> Север [ДРУЖБА]: Адепты уважают силу, но не разделяют ваших убеждений. Торговля между нами невозм
SENT: Эльфы -> Север [ПРОСЬБА]: [ПРОСЬБА] Тяжёлые времена. Осталось лишь 2 города. Наша армия (1.6 тыс. воин) ед
SENT: Элины -> Север [ПРИВЕТСТВИЕ]: Караваны разносят славу о вашем народе. Элины рады знакомству! У нас 3 города, о
SENT: Адепты -> Север [ПРИВЕТСТВИЕ]: Тайное знание открывает двери. Одна из них привела нас к вам, правитель. У нас 3
SENT: Эльфы -> Север [ПРИВЕТСТВИЕ]: Мудрость веков подсказывает: великие дела начинаются с простого приветствия. Здр
SENT: Элины -> Север [ПРИВЕТСТВИЕ]: Караваны разносят славу о вашем народе. Элины рады знакомству! У нас 6 городов, 
SENT: Адепты -> Север [ПРИВЕТСТВИЕ]: Свитки пророчеств упоминают вашу фракцию. Мы рады наконец встретиться лично. У н
SENT: Эльфы -> Север [ТОРГОВЛЯ]: [ТОРГОВЛЯ] Предлагаем сделку: Мы отдаём 547.0 тыс. Крон, вы — 164.1 тыс. Кристал
SENT: Элины -> Север [ТОРГОВЛЯ]: [ТОРГОВЛЯ] Предлагаем сделку: Мы отдаём 726.4 тыс. Крон, вы — 217.9 тыс. Кристал
SENT: Адепты -> Север [ДРУЖБА]: Адепты уважают силу, но не разделяют ваших убеждений. Торговля между нами невозм
SENT: Эльфы -> Север [ТОРГОВЛЯ]: [ТОРГОВЛЯ] Предлагаем сделку: Мы отдаём 1.1 млн. Крон, вы — 332.4 тыс. Кристалло
SENT: Элины -> Север [ТОРГОВЛЯ]: [ТОРГОВЛЯ] Предлагаем сделку: Мы отдаём 1.1 млн. Крон, вы — 333.4 тыс. Кристалло
SENT: Эльфы -> Север [ТОРГОВЛЯ]: [ТОРГОВЛЯ] Предлагаем сделку: Мы отдаём 1.0 млн. Крон, вы — 325.5 тыс. Кристалло
SENT: Адепты -> Север [ВОЙНА]: Осталось 1 город, но Адепты не знают слова «сдаться». Мы уничтожим вас или погиб
SENT: Элины -> Север [ТОРГОВЛЯ]: [ТОРГОВЛЯ] Предлагаем сделку: Мы отдаём 1.1 млн. Крон, вы — 332.4 тыс. Кристалло
SENT: Эльфы -> Север [ТОРГОВЛЯ]: [ТОРГОВЛЯ] Предлагаем сделку: Мы отдаём 4.0 тыс. Крон, вы — 1.2 тыс. Кристаллов.
SENT: Элины -> Север [ДРУЖБА]: Наши торговые пути пролегают через полмира. Дружба с нами откроет вам новые гори
SENT: Эльфы -> Север [ПРИВЕТСТВИЕ]: Да хранят вас звёзды, правитель. Эльфийский народ рад вашему появлению в этих зе
SENT: Элины -> Север [ПРИВЕТСТВИЕ]: Жар пустыни закаляет, а не уничтожает. Мы видим в вас закалённого правителя. У н
SENT: Адепты -> Север [ПРИВЕТСТВИЕ]: Свитки пророчеств упоминают вашу фракцию. Мы рады наконец встретиться лично. У н
SENT: Эльфы -> Север [ПРИВЕТСТВИЕ]: Да хранят вас звёзды, правитель. Эльфийский народ рад вашему появлению в этих зе
SENT: Элины -> Север [ПРИВЕТСТВИЕ]: Жар пустыни закаляет, а не уничтожает. Мы видим в вас закалённого правителя. У н
SENT: Адепты -> Север [ПРИВЕТСТВИЕ]: Наши оракулы предвидели эту встречу. Звёзды расположились благоприятно. У нас 2 
SENT: Эльфы -> Север [ТОРГОВЛЯ]: [ТОРГОВЛЯ] Предлагаем сделку: Мы отдаём 751.6 тыс. Крон, вы — 225.4 тыс. Кристал
SENT: Элины -> Север [ДРУЖБА]: Эй, правитель! Наша армия (5.9 тыс. воин) давно не видела настоящего боя! Может,
SENT: Адепты -> Север [СОЮЗ]: [СОЮЗ] Пророчества ясны: наш путь един. 2 города и 3.9 тыс. воинов — всё это ваш
SENT: Адепты -> Север [ТОРГОВЛЯ]: [ТОРГОВЛЯ] Предлагаем сделку: Мы отдаём 348.8 тыс. Крон, вы — 87.2 тыс. Кристалл
SENT: Адепты -> Север [ТОРГОВЛЯ]: Пророчества говорят — делиться с единомышленниками угодно высшим силам. Мы предл
SENT: Вампиры -> Север [ПРИВЕТСТВИЕ]: Из тени выходят не только враги. Иногда — и потенциальные союзники. Добрый вечер
SENT: Эльфы -> Север [ПРОСЬБА]: [ПРОСЬБА] Тяжёлые времена. Осталось лишь 2 города. Наша армия (866 воинов) едва 
SENT: Элины -> Север [ДРУЖБА]: Эй, правитель! Наша армия (4 воина) давно не видела настоящего боя! Может, устро
SENT: Адепты -> Север [ДРУЖБА]: Адепты уважают силу, но не разделяют ваших убеждений. Торговля между нами невозм
SENT: Эльфы -> Север [ТОРГОВЛЯ]: [ТОРГОВЛЯ] Предлагаем сделку: Мы отдаём 4.1 тыс. Крон, вы — 1.2 тыс. Кристаллов.
SENT: Адепты -> Север [ДРУЖБА]: Адепты уважают силу, но не разделяют ваших убеждений. Торговля между нами невозм
SENT: Элины -> Север [ПРИВЕТСТВИЕ]: Да озарит солнце ваш путь, правитель! Элины встречают каждого мирного гостя с ра
SENT: Эльфы -> Север [ПРИВЕТСТВИЕ]: Мудрость веков подсказывает: великие дела начинаются с простого приветствия. Здр
SENT: Адепты -> Север [ПРИВЕТСТВИЕ]: Наши оракулы предвидели эту встречу. Звёзды расположились благоприятно. У нас 6 
SENT: Элины -> Север [ПРИВЕТСТВИЕ]: Пески пустыни помнят всех, кто приходил с миром. Добро пожаловать в наши земли! 
SENT: Эльфы -> Север [ТОРГОВЛЯ]: [ТОРГОВЛЯ] Предлагаем сделку: Мы отдаём 629.4 тыс. Крон, вы — 188.8 тыс. Кристал
SENT: Адепты -> Север [ДРУЖБА]: Адепты уважают силу, но не разделяют ваших убеждений. Торговля между нами невозм
SENT: Элины -> Север [ТОРГОВЛЯ]: [ТОРГОВЛЯ] Предлагаем сделку: Элины предлагают 100 Кристаллов в обмен на 200 Кро
SENT: Элины -> Север [ТОРГОВЛЯ]: [ТОРГОВЛЯ] Предлагаем сделку: Элины предлагают 100 Кристаллов в обмен на 200 Кро
SENT: Адепты -> Север [ДРУЖБА]: Адепты уважают силу, но не разделяют ваших убеждений. Торговля между нами невозм
SENT: Элины -> Север [ДРУЖБА]: Огонь пустыни и ваша решимость — два пламени одного костра. Давайте разгорим его
SENT: Эльфы -> Север [ДРУЖБА]: Вековые леса учат терпению, а мудрость — выбирать союзников с осторожностью. Вы 
SENT: Адепты -> Север [ДРУЖБА]: Адепты уважают силу, но не разделяют ваших убеждений. Торговля между нами невозм
SENT: Элины -> Север [ПРИВЕТСТВИЕ]: Пески пустыни помнят всех, кто приходил с миром. Добро пожаловать в наши земли! 
SENT: Эльфы -> Север [ПРИВЕТСТВИЕ]: Да хранят вас звёзды, правитель. Эльфийский народ рад вашему появлению в этих зе
SENT: Адепты -> Север [ПРИВЕТСТВИЕ]: Адепты приветствуют вас, просвещённый правитель. Знание — величайшая сила во все
SENT: Эльфы -> Север [ПРИВЕТСТВИЕ]: Мудрость веков подсказывает: великие дела начинаются с простого приветствия. Здр
SENT: Элины -> Север [ПРИВЕТСТВИЕ]: Караваны разносят славу о вашем народе. Элины рады знакомству! У нас 3 города, о
SENT: Адепты -> Север [ПРИВЕТСТВИЕ]: Наши оракулы предвидели эту встречу. Звёзды расположились благоприятно. У нас 3 
SENT: Эльфы -> Север [ПРОСЬБА]: [ПРОСЬБА] Тяжёлые времена. Осталось лишь 2 города. Наша армия (848 воинов) едва 
SENT: Элины -> Север [ДРУЖБА]: Эй, правитель! Наша армия (4 воина) давно не видела настоящего боя! Может, устро
SENT: Адепты -> Север [ДРУЖБА]: Пророчества указывают на эпоху великих свершений. Вместе мы сможем приблизить её
SENT: Эльфы -> Север [ПРИВЕТСТВИЕ]: Лунный свет осветил ваш путь к нашим лесам. Мы приветствуем вас с открытым сердц
SENT: Элины -> Север [ПРИВЕТСТВИЕ]: Жар пустыни закаляет, а не уничтожает. Мы видим в вас закалённого правителя. У н
SENT: Адепты -> Север [ПРИВЕТСТВИЕ]: Тайное знание открывает двери. Одна из них привела нас к вам, правитель. У нас 4
SENT: Эльфы -> Север [ДРУЖБА]: Вековые леса учат терпению, а мудрость — выбирать союзников с осторожностью. Вы 
SENT: Адепты -> Север [ТОРГОВЛЯ]: [ТОРГОВЛЯ] Предлагаем сделку: Адепты предлагают 100 Кристаллов в обмен на 200 Кр
SENT: Эльфы -> Север [ПРИВЕТСТВИЕ]: Древние дубы шепчут ваше имя. Это хороший знак — природа благоволит нашей встреч
SENT: Элины -> Север [ПРИВЕТСТВИЕ]: Пески пустыни помнят всех, кто приходил с миром. Добро пожаловать в наши земли! 
SENT: Адепты -> Север [ПРИВЕТСТВИЕ]: Тайное знание открывает двери. Одна из них привела нас к вам, правитель. У нас 3
SENT: Эльфы -> Север [ПРИВЕТСТВИЕ]: Древние дубы шепчут ваше имя. Это хороший знак — природа благоволит нашей встреч
SENT: Элины -> Север [ПРИВЕТСТВИЕ]: Пески пустыни помнят всех, кто приходил с миром. Добро пожаловать в наши земли! 
SENT: Адепты -> Север [ПРИВЕТСТВИЕ]: Свитки пророчеств упоминают вашу фракцию. Мы рады наконец встретиться лично. У н
SENT: Эльфы -> Север [ТОРГОВЛЯ]: [ТОРГОВЛЯ] Предлагаем сделку: Мы отдаём 2.8 тыс. Крон, вы — 855 Кристаллов. Наши
SENT: Элины -> Север [ДРУЖБА]: Наши торговые пути пролегают через полмира. Дружба с нами откроет вам новые гори
SENT: Адепты -> Север [ПРИВЕТСТВИЕ]: Тайное знание открывает двери. Одна из них привела нас к вам, правитель. У нас 3
SENT: Эльфы -> Север [ПРИВЕТСТВИЕ]: Лунный свет осветил ваш путь к нашим лесам. Мы приветствуем вас с открытым сердц
SENT: Элины -> Север [ПРИВЕТСТВИЕ]: Да озарит солнце ваш путь, правитель! Элины встречают каждого мирного гостя с ра
SENT: Адепты -> Север [ПРИВЕТСТВИЕ]: Тайное знание открывает двери. Одна из них привела нас к вам, правитель. У нас 7
SENT: Эльфы -> Север [ПРЕДУПРЕЖДЕНИЕ]: [УГРОЗА] Ветер шепчет предостережение. Тёмные силы пробуждаются у наших границ. 
SENT: Элины -> Север [ТОРГОВЛЯ]: [ТОРГОВЛЯ] Предлагаем сделку: Элины предлагают 100 Кристаллов в обмен на 200 Кро
SENT: Эльфы -> Север [ТОРГОВЛЯ]: [ТОРГОВЛЯ] Предлагаем сделку: Мы отдаём 738.3 тыс. Крон, вы — 221.5 тыс. Кристал
SENT: Элины -> Север [ДРУЖБА]: Эй, правитель! Наша армия (9.6 тыс. воина) давно не видела настоящего боя! Может
SENT: Эльфы -> Север [ТОРГОВЛЯ]: [ТОРГОВЛЯ] Предлагаем сделку: Мы отдаём 1.0 млн. Крон, вы — 300.3 тыс. Кристалло
SENT: Эльфы -> Север [ПРОСЬБА]: [ПРОСЬБА] Тяжёлые времена. Осталось лишь 2 города. Наша армия (866 воинов) едва 
SENT: Элины -> Север [ПРИВЕТСТВИЕ]: Пески пустыни помнят всех, кто приходил с миром. Добро пожаловать в наши земли! 
SENT: Адепты -> Север [ПРИВЕТСТВИЕ]: Тайное знание открывает двери. Одна из них привела нас к вам, правитель. У нас 3
SENT: Эльфы -> Север [ПРИВЕТСТВИЕ]: Да хранят вас звёзды, правитель. Эльфийский народ рад вашему появлению в этих зе
SENT: Элины -> Север [ПРИВЕТСТВИЕ]: Караваны разносят славу о вашем народе. Элины рады знакомству! У нас 6 городов, 
SENT: Адепты -> Север [ПРИВЕТСТВИЕ]: Адепты приветствуют вас, просвещённый правитель. Знание — величайшая сила во все
SENT: Эльфы -> Север [ТОРГОВЛЯ]: [ТОРГОВЛЯ] Предлагаем сделку: Мы отдаём 654.7 тыс. Крон, вы — 196.4 тыс. Кристал
SENT: Элины -> Север [ТОРГОВЛЯ]: [ТОРГОВЛЯ] Предлагаем сделку: Элины предлагают 100 Кристаллов в обмен на 200 Кро
SENT: Эльфы -> Север [ТОРГОВЛЯ]: [ТОРГОВЛЯ] Предлагаем сделку: Мы отдаём 1.1 млн. Крон, вы — 349.0 тыс. Кристалло
SENT: Эльфы -> Север [ТОРГОВЛЯ]: [ТОРГОВЛЯ] Предлагаем сделку: Мы отдаём 603.0 тыс. Крон, вы — 180.9 тыс. Кристал
SENT: Эльфы -> Север [ТОРГОВЛЯ]: [ТОРГОВЛЯ] Предлагаем сделку: Мы отдаём 4.0 тыс. Крон, вы — 1.2 тыс. Кристаллов.
SENT: Адепты -> Север [ТОРГОВЛЯ]: [ТОРГОВЛЯ] Предлагаем сделку: Адепты предлагают 2.5 тыс. Крон, вы — 628 Кристалл
SENT: Элины -> Север [ПРИВЕТСТВИЕ]: Жар пустыни закаляет, а не уничтожает. Мы видим в вас закалённого правителя. У н
SENT: Эльфы -> Север [ПРИВЕТСТВИЕ]: Лунный свет осветил ваш путь к нашим лесам. Мы приветствуем вас с открытым сердц
SENT: Адепты -> Север [ПРИВЕТСТВИЕ]: Наши оракулы предвидели эту встречу. Звёзды расположились благоприятно. У нас 1 
SENT: Элины -> Север [ПРИВЕТСТВИЕ]: Жар пустыни закаляет, а не уничтожает. Мы видим в вас закалённого правителя. У н
SENT: Эльфы -> Север [ПРЕДУПРЕЖДЕНИЕ]: [УГРОЗА] Наши следопыты обнаружили вражеских лазутчиков в приграничных чащобах. 
SENT: Адепты -> Север [ТОРГОВЛЯ]: [ТОРГОВЛЯ] Предлагаем сделку: Адепты предлагают 114.6 тыс. Крон, вы — 28.6 тыс. 
SENT: Элины -> Север [ТОРГОВЛЯ]: [ТОРГОВЛЯ] Предлагаем сделку: Элины предлагают 100 Кристаллов в обмен на 200 Кро
SENT: Адепты -> Север [СОЮЗ]: [СОЮЗ] Пророчества ясны: наш путь един. 0 городов и 286 воинов — всё это ваше, е
SENT: Север -> Адепты [ПРИВЕТСТВИЕ]: Приветствую, правитель. Север помнит своих друзей и никогда не забывает врагов. 
SENT: Эльфы -> Адепты [ПРИВЕТСТВИЕ]: Древние дубы шепчут ваше имя. Это хороший знак — природа благоволит нашей встреч
SENT: Элины -> Адепты [ПРИВЕТСТВИЕ]: Караваны разносят славу о вашем народе. Элины рады знакомству! У нас 3 города, о
SENT: Север -> Адепты [ПРИВЕТСТВИЕ]: Приветствую, правитель. Север помнит своих друзей и никогда не забывает врагов. 
SENT: Эльфы -> Адепты [ПРИВЕТСТВИЕ]: Мудрость веков подсказывает: великие дела начинаются с простого приветствия. Здр
SENT: Элины -> Адепты [ПРИВЕТСТВИЕ]: Жар пустыни закаляет, а не уничтожает. Мы видим в вас закалённого правителя. У н
SENT: Север -> Адепты [ПРИВЕТСТВИЕ]: Приветствую, правитель. Север помнит своих друзей и никогда не забывает врагов. 
SENT: Эльфы -> Адепты [ПРИВЕТСТВИЕ]: Лунный свет осветил ваш путь к нашим лесам. Мы приветствуем вас с открытым сердц
SENT: Элины -> Адепты [ПРИВЕТСТВИЕ]: Жар пустыни закаляет, а не уничтожает. Мы видим в вас закалённого правителя. У н
SENT: Север -> Адепты [ПРИВЕТСТВИЕ]: Слава Северу! Рады видеть сильного соседа. Надеемся, что наши мечи будут указыва
SENT: Эльфы -> Адепты [ПРИВЕТСТВИЕ]: Мудрость веков подсказывает: великие дела начинаются с простого приветствия. Здр
SENT: Элины -> Адепты [ПРИВЕТСТВИЕ]: Пески пустыни помнят всех, кто приходил с миром. Добро пожаловать в наши земли! 
SENT: Эльфы -> Адепты [ТОРГОВЛЯ]: [ТОРГОВЛЯ] Предлагаем сделку: Мы отдаём 599.6 тыс. Крон, вы — 179.8 тыс. Кристал
SENT: Эльфы -> Север [ТОРГОВЛЯ]: [ТОРГОВЛЯ] Предлагаем сделку: Мы отдаём 3.6 тыс. Крон, вы — 1.0 тыс. Кристаллов.
SENT: Элины -> Север [ПРИВЕТСТВИЕ]: Пески пустыни помнят всех, кто приходил с миром. Добро пожаловать в наши земли! 
SENT: Адепты -> Север [ПРИВЕТСТВИЕ]: Тайное знание открывает двери. Одна из них привела нас к вам, правитель. У нас 3
SENT: Эльфы -> Север [ПРИВЕТСТВИЕ]: Да хранят вас звёзды, правитель. Эльфийский народ рад вашему появлению в этих зе
SENT: Элины -> Север [ПРИВЕТСТВИЕ]: Пески пустыни помнят всех, кто приходил с миром. Добро пожаловать в наши земли! 
SENT: Адепты -> Север [ПРИВЕТСТВИЕ]: Тайное знание открывает двери. Одна из них привела нас к вам, правитель. У нас 6
SENT: Эльфы -> Север [ДРУЖБА]: В гармонии с природой и друг с другом — так мы видим наше будущее. У нас 6 город
SENT: Эльфы -> Север [ПРИВЕТСТВИЕ]: Лунный свет осветил ваш путь к нашим лесам. Мы приветствуем вас с открытым сердц
SENT: Элины -> Север [ПРИВЕТСТВИЕ]: Жар пустыни закаляет, а не уничтожает. Мы видим в вас закалённого правителя. У н
SENT: Адепты -> Север [ПРИВЕТСТВИЕ]: Адепты приветствуют вас, просвещённый правитель. Знание — величайшая сила во все
SENT: Эльфы -> Север [ПРИВЕТСТВИЕ]: Древние дубы шепчут ваше имя. Это хороший знак — природа благоволит нашей встреч
SENT: Элины -> Север [ПРИВЕТСТВИЕ]: Пески пустыни помнят всех, кто приходил с миром. Добро пожаловать в наши земли! 
SENT: Адепты -> Север [ПРИВЕТСТВИЕ]: Наши оракулы предвидели эту встречу. Звёзды расположились благоприятно. У нас 6 
SENT: Элины -> Север [ТОРГОВЛЯ]: Солнце светит для всех единомышленников! Мы предлагаем вам 75 Кристаллов в обмен
SENT: Адепты -> Север [ВОЙНА]: Осталось 2 города, но Адепты не знают слова «сдаться». Мы уничтожим вас или поги
SENT: Эльфы -> Север [ТОРГОВЛЯ]: [ТОРГОВЛЯ] Предлагаем сделку: Мы отдаём 3.0 тыс. Крон, вы — 902 Кристаллов. Наши
SENT: Элины -> Север [ПРИВЕТСТВИЕ]: Караваны разносят славу о вашем народе. Элины рады знакомству! У нас 3 города, о
SENT: Адепты -> Север [ПРИВЕТСТВИЕ]: Свитки пророчеств упоминают вашу фракцию. Мы рады наконец встретиться лично. У н
SENT: Эльфы -> Север [ПРИВЕТСТВИЕ]: Да хранят вас звёзды, правитель. Эльфийский народ рад вашему появлению в этих зе
SENT: Север -> Адепты [ТОРГОВЛЯ]: [ТОРГОВЛЯ] Предлагаем сделку: Мы отдаём 2.6 тыс. Крон, вы — 807 Кристаллов. Наши
SENT: Эльфы -> Адепты [ТОРГОВЛЯ]: [ТОРГОВЛЯ] Предлагаем сделку: Мы отдаём 4.0 тыс. Крон, вы — 1.2 тыс. Кристаллов.
SENT: Элины -> Адепты [ДРУЖБА]: Эй, правитель! Наша армия (4 воина) давно не видела настоящего боя! Может, устро
SENT: Север -> Адепты [ТОРГОВЛЯ]: [ТОРГОВЛЯ] Предлагаем сделку: Мы отдаём 2.7 тыс. Крон, вы — 831 Кристаллов. Наши
SENT: Эльфы -> Адепты [ТОРГОВЛЯ]: [ТОРГОВЛЯ] Предлагаем сделку: Мы отдаём 2.8 тыс. Крон, вы — 845 Кристаллов. Наши
SENT: Элины -> Адепты [ПРИВЕТСТВИЕ]: Да озарит солнце ваш путь, правитель! Элины встречают каждого мирного гостя с ра
SENT: Север -> Адепты [ПРИВЕТСТВИЕ]: Холодный ветер несёт вести о вашем народе. Север протягивает руку — крепкую, как
SENT: Эльфы -> Адепты [ПРИВЕТСТВИЕ]: Лунный свет осветил ваш путь к нашим лесам. Мы приветствуем вас с открытым сердц
SENT: Элины -> Адепты [ПРИВЕТСТВИЕ]: Пески пустыни помнят всех, кто приходил с миром. Добро пожаловать в наши земли! 
SENT: Эльфы -> Адепты [ТОРГОВЛЯ]: [ТОРГОВЛЯ] Предлагаем сделку: Мы отдаём 659.2 тыс. Крон, вы — 197.7 тыс. Кристал
SENT: Элины -> Адепты [ТОРГОВЛЯ]: [ТОРГОВЛЯ] Предлагаем сделку: Элины предлагают 100 Кристаллов в обмен на 200 Кро
SENT: Элины -> Адепты [СОЮЗ]: [СОЮЗ] Мы разделяем путь «Борьба» — это делает нас естественными союзниками. Тем
SENT: Элины -> Адепты [ДРУЖБА]: Огонь пустыни и ваша решимость — два пламени одного костра. Давайте разгорим его
SENT: Эльфы -> Север [ТОРГОВЛЯ]: [ТОРГОВЛЯ] Предлагаем сделку: Мы отдаём 3.7 тыс. Крон, вы — 1.1 тыс. Кристаллов.
SENT: Элины -> Север [ПРИВЕТСТВИЕ]: Караваны разносят славу о вашем народе. Элины рады знакомству! У нас 3 города, о
SENT: Адепты -> Север [ПРИВЕТСТВИЕ]: Наши оракулы предвидели эту встречу. Звёзды расположились благоприятно. У нас 2 
SENT: Эльфы -> Север [ПРИВЕТСТВИЕ]: Лунный свет осветил ваш путь к нашим лесам. Мы приветствуем вас с открытым сердц
SENT: Элины -> Север [ПРИВЕТСТВИЕ]: Пески пустыни помнят всех, кто приходил с миром. Добро пожаловать в наши земли! 
SENT: Адепты -> Север [ПРИВЕТСТВИЕ]: Тайное знание открывает двери. Одна из них привела нас к вам, правитель. У нас 2
SENT: Эльфы -> Север [ТОРГОВЛЯ]: [ТОРГОВЛЯ] Предлагаем сделку: Мы отдаём 840.7 тыс. Крон, вы — 252.2 тыс. Кристал
SENT: Адепты -> Север [ТОРГОВЛЯ]: [ТОРГОВЛЯ] Предлагаем сделку: Адепты предлагают 231.4 тыс. Крон, вы — 57.8 тыс. 
SENT: Элины -> Север [ТОРГОВЛЯ]: [ТОРГОВЛЯ] Предлагаем сделку: Элины предлагают 100 Кристаллов в обмен на 200 Кро
SENT: Элины -> Север [ДРУЖБА]: Эй, правитель! Наша армия (12.3 тыс. воина) давно не видела настоящего боя! Може
SENT: Адепты -> Север [ТОРГОВЛЯ]: [ТОРГОВЛЯ] Предлагаем сделку: Адепты предлагают 373.3 тыс. Крон, вы — 93.3 тыс. 
SENT: Адепты -> Север [ТОРГОВЛЯ]: [ТОРГОВЛЯ] Предлагаем сделку: Адепты предлагают 100 Кристаллов в обмен на 200 Кр
SENT: Эльфы -> Север [ТОРГОВЛЯ]: [ТОРГОВЛЯ] Предлагаем сделку: Мы отдаём 3.3 тыс. Крон, вы — 1.0 тыс. Кристаллов.
SENT: Адепты -> Север [СОЮЗ]: [СОЮЗ] Пророчества ясны: наш путь един. 2 города и 5 воинов — всё это ваше, если
SENT: Элины -> Север [ПРИВЕТСТВИЕ]: Караваны разносят славу о вашем народе. Элины рады знакомству! У нас 3 города, о
SENT: Эльфы -> Север [ПРИВЕТСТВИЕ]: Мудрость веков подсказывает: великие дела начинаются с простого приветствия. Здр
SENT: Адепты -> Север [ПРИВЕТСТВИЕ]: Наши оракулы предвидели эту встречу. Звёзды расположились благоприятно. У нас 6 
SENT: Элины -> Север [ПРИВЕТСТВИЕ]: Да озарит солнце ваш путь, правитель! Элины встречают каждого мирного гостя с ра
SENT: Эльфы -> Север [ДРУЖБА]: Звёзды предвещают эпоху дружбы между нашими народами. Не будем противиться судьб
SENT: Адепты -> Север [ТОРГОВЛЯ]: Пророчества говорят — делиться с единомышленниками угодно высшим силам. Мы предл
SENT: Элины -> Север [ДРУЖБА]: Эй, правитель! Наша армия (4.6 тыс. воинов) давно не видела настоящего боя! Може
SENT: Адепты -> Север [ТОРГОВЛЯ]: Пророчества говорят — делиться с единомышленниками угодно высшим силам. Мы предл
SENT: Север -> Эльфы [ТОРГОВЛЯ]: [ТОРГОВЛЯ] Предлагаем сделку: Мы отдаём 3.3 тыс. Крон, вы — 995 Кристаллов. Наши
SENT: Элины -> Эльфы [ПРИВЕТСТВИЕ]: Да озарит солнце ваш путь, правитель! Элины встречают каждого мирного гостя с ра
SENT: Адепты -> Эльфы [ПРИВЕТСТВИЕ]: Тайное знание открывает двери. Одна из них привела нас к вам, правитель. У нас 3
SENT: Север -> Эльфы [ПРИВЕТСТВИЕ]: Холодный ветер несёт вести о вашем народе. Север протягивает руку — крепкую, как
SENT: Элины -> Эльфы [ПРИВЕТСТВИЕ]: Жар пустыни закаляет, а не уничтожает. Мы видим в вас закалённого правителя. У н
SENT: Адепты -> Эльфы [ПРИВЕТСТВИЕ]: Свитки пророчеств упоминают вашу фракцию. Мы рады наконец встретиться лично. У н
SENT: Север -> Эльфы [ТОРГОВЛЯ]: [ТОРГОВЛЯ] Предлагаем сделку: Мы отдаём 528.4 тыс. Крон, вы — 158.5 тыс. Кристал
SENT: Элины -> Эльфы [ТОРГОВЛЯ]: [ТОРГОВЛЯ] Предлагаем сделку: Элины предлагают 100 Кристаллов в обмен на 200 Кро
SENT: Север -> Эльфы [ТОРГОВЛЯ]: [ТОРГОВЛЯ] Предлагаем сделку: Мы отдаём 1.0 млн. Крон, вы — 302.3 тыс. Кристалло
SENT: Элины -> Эльфы [ТОРГОВЛЯ]: Солнце светит для всех единомышленников! Мы предлагаем вам 62 Кристаллов в обмен
SENT: Север -> Эльфы [СОЮЗ]: [СОЮЗ] Мы разделяем путь «Борьба» — это делает нас естественными союзниками. Наш
SENT: Элины -> Эльфы [ТОРГОВЛЯ]: [ТОРГОВЛЯ] Предлагаем сделку: Элины предлагают 1.0 млн. Крон в обмен на 328.7 ты
SENT: Север -> Эльфы [СОЮЗ]: [СОЮЗ] Мы разделяем путь «Борьба» — это делает нас естественными союзниками. Тем
SENT: Элины -> Эльфы [ТОРГОВЛЯ]: [ТОРГОВЛЯ] Предлагаем сделку: Элины предлагают 100 Кристаллов в обмен на 200 Кро
SENT: Север -> Эльфы [ТОРГОВЛЯ]: [ТОРГОВЛЯ] Предлагаем сделку: Мы отдаём 1.0 млн. Крон, вы — 306.7 тыс. Кристалло
SENT: Элины -> Эльфы [ТОРГОВЛЯ]: [ТОРГОВЛЯ] Предлагаем сделку: Элины предлагают 1.1 млн. Крон в обмен на 334.7 ты
SENT: Север -> Эльфы [ТОРГОВЛЯ]: [ТОРГОВЛЯ] Предлагаем сделку: Мы отдаём 1.0 млн. Крон, вы — 305.2 тыс. Кристалло
SENT: Элины -> Эльфы [ТОРГОВЛЯ]: [ТОРГОВЛЯ] Предлагаем сделку: Элины предлагают 100 Кристаллов в обмен на 200 Кро
SENT: Адепты -> Эльфы [ВОЙНА]: Осталось 2 города, но Адепты не знают слова «сдаться». Мы уничтожим вас или поги
SENT: Север -> Эльфы [ТОРГОВЛЯ]: [ТОРГОВЛЯ] Предлагаем сделку: Мы отдаём 1.0 млн. Крон, вы — 305.3 тыс. Кристалло
SENT: Север -> Эльфы [ТОРГОВЛЯ]: [ТОРГОВЛЯ] Предлагаем сделку: Мы отдаём 1.3 млн. Крон, вы — 391.6 тыс. Кристалло
SENT: Элины -> Эльфы [СОЮЗ]: [СОЮЗ] Мы разделяем путь «Борьба» — это делает нас естественными союзниками. Тем
SENT: Адепты -> Эльфы [ВОЙНА]: Осталось 2 города, но Адепты не знают слова «сдаться». Мы уничтожим вас или поги
SENT: Север -> Эльфы [ДРУЖБА]: Говорят, враг моего врага — мой друг. Но мы предпочитаем дружить не против кого-
SENT: Эльфы -> Элины [ДРУЖБА]: Как ветви одного древа тянутся к солнцу, так и наши народы могут расти вместе. У
SENT: Адепты -> Элины [ДРУЖБА]: Адепты уважают силу, но не разделяют ваших убеждений. Торговля между нами невозм
SENT: Север -> Элины [ПРИВЕТСТВИЕ]: Слава Северу! Рады видеть сильного соседа. Надеемся, что наши мечи будут указыва
SENT: Эльфы -> Элины [ПРИВЕТСТВИЕ]: Древние дубы шепчут ваше имя. Это хороший знак — природа благоволит нашей встреч
SENT: Адепты -> Элины [ПРИВЕТСТВИЕ]: Свитки пророчеств упоминают вашу фракцию. Мы рады наконец встретиться лично. У н
SENT: Север -> Элины [ПРИВЕТСТВИЕ]: Приветствую, правитель. Север помнит своих друзей и никогда не забывает врагов. 
SENT: Эльфы -> Элины [ПРЕДУПРЕЖДЕНИЕ]: [УГРОЗА] Ветер шепчет предостережение. Тёмные силы пробуждаются у наших границ. 
SENT: Адепты -> Элины [СОЮЗ]: [СОЮЗ] Пророчества ясны: наш путь един. 2 города и 5 воинов — всё это ваше, если
SENT: Север -> Элины [ПРИВЕТСТВИЕ]: Приветствую, правитель. Север помнит своих друзей и никогда не забывает врагов. 
SENT: Эльфы -> Элины [ПРИВЕТСТВИЕ]: Мудрость веков подсказывает: великие дела начинаются с простого приветствия. Здр
SENT: Адепты -> Элины [ПРИВЕТСТВИЕ]: Адепты приветствуют вас, просвещённый правитель. Знание — величайшая сила во все
SENT: Север -> Элины [ПРИВЕТСТВИЕ]: Правитель! Наши дозорные доложили о вашем появлении. Добро пожаловать к границам
SENT: Адепты -> Элины [СОЮЗ]: [СОЮЗ] Пророчества ясны: наш путь един. 4 города и 4.6 тыс. воинов — всё это ваш
SENT: Адепты -> Элины [ТОРГОВЛЯ]: Пророчества говорят — делиться с единомышленниками угодно высшим силам. Мы предл
SENT: Эльфы -> Север [ТОРГОВЛЯ]: [ТОРГОВЛЯ] Предлагаем сделку: Мы отдаём 3.5 тыс. Крон, вы — 1.0 тыс. Кристаллов.
SENT: Адепты -> Север [ДРУЖБА]: Адепты уважают силу, но не разделяют ваших убеждений. Торговля между нами невозм
SENT: Элины -> Север [ПРИВЕТСТВИЕ]: Жар пустыни закаляет, а не уничтожает. Мы видим в вас закалённого правителя. У н
SENT: Эльфы -> Север [ПРИВЕТСТВИЕ]: Лунный свет осветил ваш путь к нашим лесам. Мы приветствуем вас с открытым сердц
SENT: Адепты -> Север [ПРИВЕТСТВИЕ]: Наши оракулы предвидели эту встречу. Звёзды расположились благоприятно. У нас 4 
SENT: Элины -> Север [ПРИВЕТСТВИЕ]: Да озарит солнце ваш путь, правитель! Элины встречают каждого мирного гостя с ра
SENT: Эльфы -> Север [ТОРГОВЛЯ]: [ТОРГОВЛЯ] Предлагаем сделку: Мы отдаём 338.7 тыс. Крон, вы — 101.6 тыс. Кристал
SENT: Элины -> Север [ТОРГОВЛЯ]: Солнце светит для всех единомышленников! Мы предлагаем вам 76 Кристаллов в обмен
SENT: Элины -> Север [ТОРГОВЛЯ]: [ТОРГОВЛЯ] Предлагаем сделку: Элины предлагают 100 Кристаллов в обмен на 200 Кро
SENT: Эльфы -> Север [ТОРГОВЛЯ]: [ТОРГОВЛЯ] Предлагаем сделку: Мы отдаём 4.0 тыс. Крон, вы — 1.2 тыс. Кристаллов.
SENT: Элины -> Север [ПРИВЕТСТВИЕ]: Караваны разносят славу о вашем народе. Элины рады знакомству! У нас 3 города, о
SENT: Адепты -> Север [ПРИВЕТСТВИЕ]: Адепты приветствуют вас, просвещённый правитель. Знание — величайшая сила во все
SENT: Эльфы -> Север [ПРИВЕТСТВИЕ]: Мудрость веков подсказывает: великие дела начинаются с простого приветствия. Здр
SENT: Элины -> Север [ПРИВЕТСТВИЕ]: Караваны разносят славу о вашем народе. Элины рады знакомству! У нас 5 городов, 
SENT: Адепты -> Север [ПРИВЕТСТВИЕ]: Свитки пророчеств упоминают вашу фракцию. Мы рады наконец встретиться лично. У н
SENT: Эльфы -> Север [ТОРГОВЛЯ]: [ТОРГОВЛЯ] Предлагаем сделку: Мы отдаём 429.4 тыс. Крон, вы — 128.8 тыс. Кристал
SENT: Элины -> Север [ТОРГОВЛЯ]: [ТОРГОВЛЯ] Предлагаем сделку: Элины предлагают 726.1 тыс. Крон в обмен на 217.8 
SENT: Адепты -> Север [СОЮЗ]: [СОЮЗ] Пророчества ясны: наш путь един. 4 города и 4.5 тыс. воинов — всё это ваш
SENT: Адепты -> Север [ТОРГОВЛЯ]: [ТОРГОВЛЯ] Предлагаем сделку: Адепты предлагают 100 Кристаллов в обмен на 200 Кр
SENT: Адепты -> Север [ТОРГОВЛЯ]: [ТОРГОВЛЯ] Предлагаем сделку: Адепты предлагают 853.5 тыс. Крон, вы — 213.3 тыс.
SENT: Адепты -> Север [ТОРГОВЛЯ]: [ТОРГОВЛЯ] Предлагаем сделку: Адепты предлагают 421.0 тыс. Крон, вы — 105.2 тыс.
SENT: Эльфы -> Север [ДРУЖБА]: Звёзды предвещают эпоху дружбы между нашими народами. Не будем противиться судьб
SENT: Адепты -> Север [ТОРГОВЛЯ]: [ТОРГОВЛЯ] Предлагаем сделку: Адепты предлагают 1.9 тыс. Крон, вы — 489 Кристалл
SENT: Элины -> Север [ПРИВЕТСТВИЕ]: Караваны разносят славу о вашем народе. Элины рады знакомству! У нас 3 города, о
SENT: Эльфы -> Север [ПРИВЕТСТВИЕ]: Да хранят вас звёзды, правитель. Эльфийский народ рад вашему появлению в этих зе
SENT: Адепты -> Север [ПРИВЕТСТВИЕ]: Тайное знание открывает двери. Одна из них привела нас к вам, правитель. У нас 5
SENT: Элины -> Север [ПРИВЕТСТВИЕ]: Пески пустыни помнят всех, кто приходил с миром. Добро пожаловать в наши земли! 
SENT: Адепты -> Север [ТОРГОВЛЯ]: Пророчества говорят — делиться с единомышленниками угодно высшим силам. Мы предл
SENT: Адепты -> Север [ТОРГОВЛЯ]: Пророчества говорят — делиться с единомышленниками угодно высшим силам. Мы предл
SENT: Эльфы -> Север [ТОРГОВЛЯ]: [ТОРГОВЛЯ] Предлагаем сделку: Мы отдаём 2.8 тыс. Крон, вы — 846 Кристаллов. Наши
SENT: Элины -> Север [ДРУЖБА]: Эй, правитель! Наша армия (4 воина) давно не видела настоящего боя! Может, устро
SENT: Адепты -> Север [ПРИВЕТСТВИЕ]: Адепты приветствуют вас, просвещённый правитель. Знание — величайшая сила во все
SENT: Эльфы -> Север [ПРИВЕТСТВИЕ]: Древние дубы шепчут ваше имя. Это хороший знак — природа благоволит нашей встреч
SENT: Элины -> Север [ПРИВЕТСТВИЕ]: Жар пустыни закаляет, а не уничтожает. Мы видим в вас закалённого правителя. У н
SENT: Адепты -> Север [ПРИВЕТСТВИЕ]: Адепты приветствуют вас, просвещённый правитель. Знание — величайшая сила во все
SENT: Эльфы -> Север [ПРОСЬБА]: [ПРОСЬБА] Мы развиваем наши 4 города, но ресурсов не хватает. Помощь кристаллами
SENT: Эльфы -> Север [ПРОСЬБА]: [ПРОСЬБА] Мы ведём войну с Вампиры (у них 113.5 тыс. воинов). У нас осталось 5 г
SENT: Элины -> Север [ДРУЖБА]: Эй, правитель! Наша армия (11.6 тыс. воина) давно не видела настоящего боя! Може
SENT: Эльфы -> Север [ПРИВЕТСТВИЕ]: Лунный свет осветил ваш путь к нашим лесам. Мы приветствуем вас с открытым сердц
SENT: Элины -> Север [ПРИВЕТСТВИЕ]: Да озарит солнце ваш путь, правитель! Элины встречают каждого мирного гостя с ра
SENT: Адепты -> Север [ПРИВЕТСТВИЕ]: Наши оракулы предвидели эту встречу. Звёзды расположились благоприятно. У нас 3 
SENT: Эльфы -> Север [ПРИВЕТСТВИЕ]: Да хранят вас звёзды, правитель. Эльфийский народ рад вашему появлению в этих зе
SENT: Элины -> Север [ПРИВЕТСТВИЕ]: Да озарит солнце ваш путь, правитель! Элины встречают каждого мирного гостя с ра
SENT: Адепты -> Север [ПРИВЕТСТВИЕ]: Тайное знание открывает двери. Одна из них привела нас к вам, правитель. У нас 6
SENT: Элины -> Север [ДРУЖБА]: Эй, правитель! Наша армия (5.9 тыс. воина) давно не видела настоящего боя! Может
SENT: Элины -> Север [ДРУЖБА]: Эй, правитель! Наша армия (10.5 тыс. воина) давно не видела настоящего боя! Може
SENT: Эльфы -> Север [ТОРГОВЛЯ]: [ТОРГОВЛЯ] Предлагаем сделку: Мы отдаём 3.1 тыс. Крон, вы — 941 Кристаллов. Наши
SENT: Элины -> Север [ДРУЖБА]: Эй, правитель! Наша армия (4 воина) давно не видела настоящего боя! Может, устро
SENT: Адепты -> Север [СОЮЗ]: [СОЮЗ] Пророчества ясны: наш путь един. 2 города и 5 воинов — всё это ваше, если
SENT: Эльфы -> Север [ПРИВЕТСТВИЕ]: Лунный свет осветил ваш путь к нашим лесам. Мы приветствуем вас с открытым сердц
SENT: Элины -> Север [ПРИВЕТСТВИЕ]: Жар пустыни закаляет, а не уничтожает. Мы видим в вас закалённого правителя. У н
SENT: Адепты -> Север [ПРИВЕТСТВИЕ]: Адепты приветствуют вас, просвещённый правитель. Знание — величайшая сила во все
SENT: Эльфы -> Север [ТОРГОВЛЯ]: [ТОРГОВЛЯ] Предлагаем сделку: Мы отдаём 667.2 тыс. Крон, вы — 200.1 тыс. Кристал
SENT: Адепты -> Север [ТОРГОВЛЯ]: [ТОРГОВЛЯ] Предлагаем сделку: Адепты предлагают 495.1 тыс. Крон в обмен на 148.5
SENT: Элины -> Север [ТОРГОВЛЯ]: [ТОРГОВЛЯ] Предлагаем сделку: Элины предлагают 100 Кристаллов в обмен на 200 Кро
SENT: Адепты -> Север [ДРУЖБА]: Адепты уважают силу, но не разделяют ваших убеждений. Торговля между нами невозм
SENT: Эльфы -> Север [ТОРГОВЛЯ]: [ТОРГОВЛЯ] Предлагаем сделку: Мы отдаём 3.9 тыс. Крон, вы — 1.1 тыс. Кристаллов.
SENT: Элины -> Север [ПРИВЕТСТВИЕ]: Да озарит солнце ваш путь, правитель! Элины встречают каждого мирного гостя с ра
SENT: Адепты -> Север [ПРИВЕТСТВИЕ]: Тайное знание открывает двери. Одна из них привела нас к вам, правитель. У нас 1
SENT: Эльфы -> Север [ПРИВЕТСТВИЕ]: Лунный свет осветил ваш путь к нашим лесам. Мы приветствуем вас с открытым сердц
SENT: Элины -> Север [ПРИВЕТСТВИЕ]: Да озарит солнце ваш путь, правитель! Элины встречают каждого мирного гостя с ра
SENT: Адепты -> Север [ПРИВЕТСТВИЕ]: Адепты приветствуют вас, просвещённый правитель. Знание — величайшая сила во все
SENT: Эльфы -> Север [ТОРГОВЛЯ]: [ТОРГОВЛЯ] Предлагаем сделку: Мы отдаём 3.3 тыс. Крон, вы — 1.0 тыс. Кристаллов.
SENT: Элины -> Север [ПРИВЕТСТВИЕ]: Пески пустыни помнят всех, кто приходил с миром. Добро пожаловать в наши земли! 
SENT: Адепты -> Север [ПРИВЕТСТВИЕ]: Тайное знание открывает двери. Одна из них привела нас к вам, правитель. У нас 3
SENT: Эльфы -> Север [ПРИВЕТСТВИЕ]: Мудрость веков подсказывает: великие дела начинаются с простого приветствия. Здр
SENT: Эльфы -> Север [ПРОСЬБА]: [ПРОСЬБА] Тяжёлые времена. Осталось лишь 2 города. Наша армия (866 воинов) едва 
SENT: Адепты -> Север [СОЮЗ]: [СОЮЗ] Пророчества ясны: наш путь един. 2 города и 5 воинов — всё это ваше, если
SENT: Элины -> Север [ПРИВЕТСТВИЕ]: Пески пустыни помнят всех, кто приходил с миром. Добро пожаловать в наши земли! 
SENT: Эльфы -> Север [ПРИВЕТСТВИЕ]: Лунный свет осветил ваш путь к нашим лесам. Мы приветствуем вас с открытым сердц
SENT: Адепты -> Север [ПРИВЕТСТВИЕ]: Наши оракулы предвидели эту встречу. Звёзды расположились благоприятно. У нас 2 
SENT: Элины -> Север [ПРИВЕТСТВИЕ]: Караваны разносят славу о вашем народе. Элины рады знакомству! У нас 7 городов, 
SENT: Эльфы -> Север [ТОРГОВЛЯ]: [ТОРГОВЛЯ] Предлагаем сделку: Мы отдаём 622.7 тыс. Крон, вы — 186.8 тыс. Кристал
SENT: Адепты -> Север [ТОРГОВЛЯ]: [ТОРГОВЛЯ] Предлагаем сделку: Адепты предлагают 200.3 тыс. Крон, вы — 50.0 тыс. 
SENT: Эльфы -> Север [ТОРГОВЛЯ]: [ТОРГОВЛЯ] Предлагаем сделку: Мы отдаём 1.1 млн. Крон, вы — 338.0 тыс. Кристалло
SENT: Элины -> Север [ДРУЖБА]: Эй, правитель! Наша армия (11.8 тыс. воинов) давно не видела настоящего боя! Мож
SENT: Адепты -> Север [ТОРГОВЛЯ]: [ТОРГОВЛЯ] Предлагаем сделку: Адепты предлагают 312.9 тыс. Крон, вы — 78.2 тыс. 
SENT: Адепты -> Север [СОЮЗ]: [СОЮЗ] Пророчества ясны: наш путь един. 1 город и 1.8 тыс. воин — всё это ваше, 
SENT: Адепты -> Север [СОЮЗ]: [СОЮЗ] Пророчества ясны: наш путь един. 2 города и 5 воинов — всё это ваше, если
SENT: Эльфы -> Север [ПРИВЕТСТВИЕ]: Древние дубы шепчут ваше имя. Это хороший знак — природа благоволит нашей встреч
SENT: Элины -> Север [ПРИВЕТСТВИЕ]: Пески пустыни помнят всех, кто приходил с миром. Добро пожаловать в наши земли! 
SENT: Эльфы -> Север [ТОРГОВЛЯ]: [ТОРГОВЛЯ] Предлагаем сделку: Мы отдаём 3.4 тыс. Крон, вы — 1.0 тыс. Кристаллов.
SENT: Элины -> Север [ПРИВЕТСТВИЕ]: Да озарит солнце ваш путь, правитель! Элины встречают каждого мирного гостя с ра
SENT: Адепты -> Север [ПРИВЕТСТВИЕ]: Наши оракулы предвидели эту встречу. Звёзды расположились благоприятно. У нас 3 
SENT: Эльфы -> Север [ПРИВЕТСТВИЕ]: Древние дубы шепчут ваше имя. Это хороший знак — природа благоволит нашей встреч
SENT: Элины -> Север [ПРИВЕТСТВИЕ]: Пески пустыни помнят всех, кто приходил с миром. Добро пожаловать в наши земли! 
SENT: Адепты -> Север [ПРИВЕТСТВИЕ]: Свитки пророчеств упоминают вашу фракцию. Мы рады наконец встретиться лично. У н
SENT: Эльфы -> Север [ДРУЖБА]: Вековые леса учат терпению, а мудрость — выбирать союзников с осторожностью. Вы 
SENT: Адепты -> Север [ВОЙНА]: Осталось 2 города, но Адепты не знают слова «сдаться». Мы уничтожим вас или поги
SENT: Эльфы -> Север [ДРУЖБА]: Вековые леса учат терпению, а мудрость — выбирать союзников с осторожностью. Вы 
SENT: Элины -> Север [ДРУЖБА]: Солнце одинаково светит всем, но греет лишь тех, кто протягивает руку навстречу.
SENT: Адепты -> Север [СОЮЗ]: [СОЮЗ] Пророчества ясны: наш путь един. 2 города и 5 воинов — всё это ваше, если
SENT: Эльфы -> Север [ПРИВЕТСТВИЕ]: Лунный свет осветил ваш путь к нашим лесам. Мы приветствуем вас с открытым сердц
SENT: Элины -> Север [ПРИВЕТСТВИЕ]: Пески пустыни помнят всех, кто приходил с миром. Добро пожаловать в наши земли! 
SENT: Адепты -> Север [ПРИВЕТСТВИЕ]: Тайное знание открывает двери. Одна из них привела нас к вам, правитель. У нас 5
SENT: Эльфы -> Север [ТОРГОВЛЯ]: [ТОРГОВЛЯ] Предлагаем сделку: Мы отдаём 3.2 тыс. Крон, вы — 975 Кристаллов. Наши
SENT: Элины -> Север [ДРУЖБА]: Эй, правитель! Наша армия (4 воина) давно не видела настоящего боя! Может, устро
SENT: Адепты -> Север [ДРУЖБА]: Адепты уважают силу, но не разделяют ваших убеждений. Торговля между нами невозм
SENT: Эльфы -> Север [ПРИВЕТСТВИЕ]: Лунный свет осветил ваш путь к нашим лесам. Мы приветствуем вас с открытым сердц
SENT: Элины -> Север [ПРИВЕТСТВИЕ]: Жар пустыни закаляет, а не уничтожает. Мы видим в вас закалённого правителя. У н
SENT: Адепты -> Север [ПРИВЕТСТВИЕ]: Тайное знание открывает двери. Одна из них привела нас к вам, правитель. У нас 3
SENT: Эльфы -> Север [ТОРГОВЛЯ]: [ТОРГОВЛЯ] Предлагаем сделку: Мы отдаём 4.0 тыс. Крон, вы — 1.2 тыс. Кристаллов.
SENT: Элины -> Север [ПРИВЕТСТВИЕ]: Пески пустыни помнят всех, кто приходил с миром. Добро пожаловать в наши земли! 
SENT: Адепты -> Север [ПРИВЕТСТВИЕ]: Свитки пророчеств упоминают вашу фракцию. Мы рады наконец встретиться лично. У н
SENT: Эльфы -> Север [ПРИВЕТСТВИЕ]: Мудрость веков подсказывает: великие дела начинаются с простого приветствия. Здр
SENT: Элины -> Север [ПРИВЕТСТВИЕ]: Караваны разносят славу о вашем народе. Элины рады знакомству! У нас 3 города, о
SENT: Адепты -> Север [ПРИВЕТСТВИЕ]: Адепты приветствуют вас, просвещённый правитель. Знание — величайшая сила во все
SENT: Эльфы -> Север [ТОРГОВЛЯ]: [ТОРГОВЛЯ] Предлагаем сделку: Мы отдаём 365.1 тыс. Крон, вы — 109.5 тыс. Кристал
SENT: Элины -> Север [ТОРГОВЛЯ]: [ТОРГОВЛЯ] Предлагаем сделку: Элины предлагают 480.7 тыс. Крон в обмен на 144.2 
SENT: Эльфы -> Север [ТОРГОВЛЯ]: [ТОРГОВЛЯ] Предлагаем сделку: Мы отдаём 1.0 млн. Крон, вы — 308.1 тыс. Кристалло
SENT: Эльфы -> Север [ТОРГОВЛЯ]: [ТОРГОВЛЯ] Предлагаем сделку: Мы отдаём 3.8 тыс. Крон, вы — 1.1 тыс. Кристаллов.
SENT: Элины -> Север [ПРИВЕТСТВИЕ]: Пески пустыни помнят всех, кто приходил с миром. Добро пожаловать в наши земли! 
SENT: Адепты -> Север [ПРИВЕТСТВИЕ]: Тайное знание открывает двери. Одна из них привела нас к вам, правитель. У нас 3
SENT: Эльфы -> Север [ПРИВЕТСТВИЕ]: Да хранят вас звёзды, правитель. Эльфийский народ рад вашему появлению в этих зе
SENT: Элины -> Север [ПРИВЕТСТВИЕ]: Да озарит солнце ваш путь, правитель! Элины встречают каждого мирного гостя с ра
SENT: Адепты -> Север [ПРИВЕТСТВИЕ]: Свитки пророчеств упоминают вашу фракцию. Мы рады наконец встретиться лично. У н
SENT: Эльфы -> Север [ТОРГОВЛЯ]: [ТОРГОВЛЯ] Предлагаем сделку: Мы отдаём 633.8 тыс. Крон, вы — 190.1 тыс. Кристал
SENT: Элины -> Север [ДРУЖБА]: Эй, правитель! Наша армия (4.7 тыс. воина) давно не видела настоящего боя! Может
SENT: Элины -> Север [ДРУЖБА]: Солнце одинаково светит всем, но греет лишь тех, кто протягивает руку навстречу.
SENT: Эльфы -> Север [ПРИВЕТСТВИЕ]: Лунный свет осветил ваш путь к нашим лесам. Мы приветствуем вас с открытым сердц
SENT: Адепты -> Север [ПРИВЕТСТВИЕ]: Наши оракулы предвидели эту встречу. Звёзды расположились благоприятно. У нас 3 
SENT: Элины -> Север [ПРИВЕТСТВИЕ]: Жар пустыни закаляет, а не уничтожает. Мы видим в вас закалённого правителя. У н
SENT: Эльфы -> Север [ПРИВЕТСТВИЕ]: Мудрость веков подсказывает: великие дела начинаются с простого приветствия. Здр
SENT: Адепты -> Север [ПРИВЕТСТВИЕ]: Наши оракулы предвидели эту встречу. Звёзды расположились благоприятно. У нас 5 
SENT: Элины -> Север [ДРУЖБА]: Эй, правитель! Наша армия (4.3 тыс. воина) давно не видела настоящего боя! Может
SENT: Адепты -> Север [ВОЙНА]: Осталось 2 города, но Адепты не знают слова «сдаться». Мы уничтожим вас или поги
